[www.germanodesousa.com/res/ana/online/index9794.html]
[backblue.gif]
[fade.gif]
[index.html]
[www.germanodesousa.com/static/images/iconlogo.png]
[www.germanodesousa.com/static/images/qrcode/germanodesousa_resultado_negativo.png]
[www.germanodesousa.com/res/ana/online/index9794.html]
[www.germanodesousa.com/static/css/bootstrap.css]
[www.germanodesousa.com/static/css/fonts/font-icons.eot]
[www.germanodesousa.com/static/css/fonts/font-icons.woff]
[www.germanodesousa.com/static/css/fonts/font-icons.ttf]
[www.germanodesousa.com/res/ana/online/index20a5.html]
[www.germanodesousa.com/static/css/fonts/lined-icons.eot]
[www.germanodesousa.com/static/css/fonts/lined-icons.woff]
[www.germanodesousa.com/static/css/fonts/lined-icons.ttf]
[www.germanodesousa.com/static/css/fonts/Simple-Line-Icons.eot]
[www.germanodesousa.com/static/css/fonts/Simple-Line-Iconsd41d.eot]
[www.germanodesousa.com/static/css/fonts/Simple-Line-Icons.woff]
[www.germanodesousa.com/static/css/fonts/Simple-Line-Icons.ttf]
[www.germanodesousa.com/static/css/font-icons.css]
[www.germanodesousa.com/static/css/images/icons/submenu.png]
[www.germanodesousa.com/static/css/images/icons/menu-divider.png]
[www.germanodesousa.com/static/css/images/icons/close.png]
[www.germanodesousa.com/static/css/images/grid.png]
[www.germanodesousa.com/static/css/images/pattern.png]
[www.germanodesousa.com/static/css/images/parallax/parallax-bg.jpg]
[www.germanodesousa.com/static/css/images/icons/iconalt.svg]
[www.germanodesousa.com/static/images/preloader.gif]
[www.germanodesousa.com/static/images/icons/play.png]
[www.germanodesousa.com/static/css/images/icons/dotted.png]
[www.germanodesousa.com/static/css/images/icons/widget-comment.png]
[www.germanodesousa.com/static/css/images/icons/widget-link.png]
[www.germanodesousa.com/static/css/style.css]
[www.germanodesousa.com/static/images/icons/submenu.png]
[www.germanodesousa.com/static/images/preloader@2x.gif]
[www.germanodesousa.com/static/images/preloader-dark@2x.gif]
[www.germanodesousa.com/static/images/icons/widget-comment@2x.png]
[www.germanodesousa.com/static/images/icons/widget-link@2x.png]
[www.germanodesousa.com/static/images/icons/widget-comment-dark@2x.png]
[www.germanodesousa.com/static/images/icons/widget-link-dark@2x.png]
[www.germanodesousa.com/static/css/responsive.css]
[www.germanodesousa.com/static/images/icons/widget-link-dark.png]
[www.germanodesousa.com/static/css/custom.css]
[www.googletagmanager.com/gtm5445.html]
[www.germanodesousa.com/static/css/fonts/font-icons.svg]
[www.germanodesousa.com/static/css/fonts/lined-icons.svg]
[www.germanodesousa.com/static/css/fonts/Simple-Line-Icons.svg]
[www.germanodesousa.com/static/css/images/icons/submenu.html]
[www.germanodesousa.com/static/css/images/icons/menu-divider.html]
[www.germanodesousa.com/static/css/images/icons/close.html]
[www.germanodesousa.com/static/css/images/grid.html]
[www.germanodesousa.com/static/css/images/pattern.html]
[www.germanodesousa.com/static/css/images/parallax/parallax-bg.html]
[www.germanodesousa.com/static/css/images/icons/iconalt.html]
[www.germanodesousa.com/static/css/images/icons/dotted.html]
[www.germanodesousa.com/static/css/images/icons/widget-comment.html]
[www.germanodesousa.com/static/css/images/icons/widget-link.html]
[www.germanodesousa.com/static/images/preloader@2x.html]
[www.germanodesousa.com/static/images/preloader-dark@2x.html]
